C:\Users\Pedro Mota\Desktop\sts-4.16.1.RELEASE\motalog-api\src\main\java\com\algaworks\motalog\domain\exception\NegocioException.java
C:\Users\Pedro Mota\Desktop\sts-4.16.1.RELEASE\motalog-api\src\main\java\com\algaworks\motalog\domain\service\SolicitacaoEntregaService.java
C:\Users\Pedro Mota\Desktop\sts-4.16.1.RELEASE\motalog-api\src\main\java\com\algaworks\motalog\domain\repository\EntregaRepository.java
C:\Users\Pedro Mota\Desktop\sts-4.16.1.RELEASE\motalog-api\src\main\java\com\algaworks\motalog\domain\model\StatusEntrega.java
C:\Users\Pedro Mota\Desktop\sts-4.16.1.RELEASE\motalog-api\src\main\java\com\algaworks\motalog\domain\repository\ClienteRepository.java
C:\Users\Pedro Mota\Desktop\sts-4.16.1.RELEASE\motalog-api\src\main\java\com\algaworks\motalog\common\ModelMapperConfig.java
C:\Users\Pedro Mota\Desktop\sts-4.16.1.RELEASE\motalog-api\src\main\java\com\algaworks\motalog\api\model\EntregaModel.java
C:\Users\Pedro Mota\Desktop\sts-4.16.1.RELEASE\motalog-api\src\main\java\com\algaworks\motalog\domain\model\Cliente.java
C:\Users\Pedro Mota\Desktop\sts-4.16.1.RELEASE\motalog-api\src\main\java\com\algaworks\motalog\api\assembler\EntregaAssembler.java
C:\Users\Pedro Mota\Desktop\sts-4.16.1.RELEASE\motalog-api\src\main\java\com\algaworks\motalog\domain\model\Entrega.java
C:\Users\Pedro Mota\Desktop\sts-4.16.1.RELEASE\motalog-api\src\main\java\com\algaworks\motalog\api\model\ClienteResumoModel.java
C:\Users\Pedro Mota\Desktop\sts-4.16.1.RELEASE\motalog-api\src\main\java\com\algaworks\motalog\api\controller\EntregaController.java
C:\Users\Pedro Mota\Desktop\sts-4.16.1.RELEASE\motalog-api\src\main\java\com\algaworks\motalog\api\exceptionhandler\Problema.java
C:\Users\Pedro Mota\Desktop\sts-4.16.1.RELEASE\motalog-api\src\main\java\com\algaworks\motalog\api\exceptionhandler\ApiExceptionHandler.java
C:\Users\Pedro Mota\Desktop\sts-4.16.1.RELEASE\motalog-api\src\main\java\com\algaworks\motalog\MotalogApiApplication.java
C:\Users\Pedro Mota\Desktop\sts-4.16.1.RELEASE\motalog-api\src\main\java\com\algaworks\motalog\domain\service\CatalogoClienteService.java
C:\Users\Pedro Mota\Desktop\sts-4.16.1.RELEASE\motalog-api\src\main\java\com\algaworks\motalog\api\model\DestinatarioModel.java
C:\Users\Pedro Mota\Desktop\sts-4.16.1.RELEASE\motalog-api\src\main\java\com\algaworks\motalog\api\controller\ClienteController.java
C:\Users\Pedro Mota\Desktop\sts-4.16.1.RELEASE\motalog-api\src\main\java\com\algaworks\motalog\domain\model\Destinatario.java
C:\Users\Pedro Mota\Desktop\sts-4.16.1.RELEASE\motalog-api\src\main\java\com\algaworks\motalog\domain\ValidationGroup.java
